C51 COMPILER V9.60.0.0   NEW_START                                                         04/19/2022 16:25:32 PAGE 1   


C51 COMPILER V9.60.0.0, COMPILATION OF MODULE NEW_START
OBJECT MODULE PLACED IN .\Objects\new start.obj
COMPILER INVOKED BY: C:\Keil_v5\C51\BIN\C51.EXE new start.c LARGE ROM(SMALL) OPTIMIZE(9,SPEED) BROWSE DEBUG OBJECTEXTEND
                    - PRINT(.\Listings\new start.lst) OBJECT(.\Objects\new start.obj)

line level    source

   1          /***************************************
   2          *GB2312
   3          *作者：创客海
   4          *内容：点亮一个发光管理论课
   5          *实验板：新起点51单片机实验板
   6          *单片机型号：STC89C52RC
   7          ***************************************/
   8          
   9          #include <STC89C5xRC.H>//引用了头文件，如果没有可用reg51.h代替
  10          
  11          sbit led7 = P1^7;//位声明了P1.7引脚为led7
  12          
  13          void main()//主函数，程序的入口
  14          {
  15   1          led7 = 0;//将发光管LED7点亮
  16   1          //单片机执行了上面这个语句在以后要通过死循环的方式停在某个地方
  17   1          //否则后面没指令了，单片机会把后面的内容继续当作指令执行，是不可控的
  18   1          while(1);//死循环执行空操作，执行完了以后为了避免
  19   1      }


MODULE INFORMATION:   STATIC OVERLAYABLE
   CODE SIZE        =      4    ----
   CONSTANT SIZE    =   ----    ----
   XDATA SIZE       =   ----    ----
   PDATA SIZE       =   ----    ----
   DATA SIZE        =   ----    ----
   IDATA SIZE       =   ----    ----
   BIT SIZE         =   ----    ----
END OF MODULE INFORMATION.


C51 COMPILATION COMPLETE.  0 WARNING(S),  0 ERROR(S)
