C51 COMPILER V9.60.0.0   MAIN                                                              04/04/2022 17:17:27 PAGE 1   


C51 COMPILER V9.60.0.0, COMPILATION OF MODULE MAIN
OBJECT MODULE PLACED IN .\Objects\main.obj
COMPILER INVOKED BY: C:\Keil_v5\C51\BIN\C51.EXE main.c OPTIMIZE(9,SPEED) BROWSE DEBUG OBJECTEXTEND PRINT(.\Listings\main
                    -.lst) TABS(2) OBJECT(.\Objects\main.obj)

line level    source

   1          #include <STC89C5xRC.H>
   2          #include <INTRINS.H >  
   3          
   4          sbit led1=P1^0;  //第一个led是和P1^0口连接的。
   5          /*******************************************************************************
   6          * 子函数   : Delay500ms
   7          * 函数功能 : 延时函数，延时500ms
   8          *******************************************************************************/
   9          void  Delay500ms()    //@11.0592MHz
  10          {
  11   1        unsigned char i, j, k;
  12   1        
  13   1        _nop_();             //等价于这条语句 extern void  _nop_  ();
  14   1        i = 4,j = 129;  
  15   1        k = 119;
  16   1        do                   //do while循环嵌套
  17   1        {
  18   2          do                 //这是内层的do while循环
  19   2          {
  20   3            while (--k);     //最里层的while循环                    
  21   3          } 
  22   2          while (--j);
  23   2        } 
  24   1        while (--i);
  25   1      }
  26          /*******************************************************************************
  27          * 主函数     : main
  28          * 函数功能   : 指示灯间歇闪动
  29          *******************************************************************************/
  30          void main()
  31          { 
  32   1        while(1)           //注意，这里不要加分号，因为后面跟着{}，等于说while语句还没有结束
  33   1        {
  34   2          
  35   2          P10=0;           //点亮led0指示灯，讲解与P1^0  P1_0的区别                    
  36   2          Delay500ms();    //调用延时子函数 
  37   2          
  38   2          P10=1;           //熄灭LED0指示灯                    
  39   2          Delay500ms();    //调用延时子函数
  40   2        } 
  41   1      }


MODULE INFORMATION:   STATIC OVERLAYABLE
   CODE SIZE        =     26    ----
   CONSTANT SIZE    =   ----    ----
   XDATA SIZE       =   ----    ----
   PDATA SIZE       =   ----    ----
   DATA SIZE        =   ----    ----
   IDATA SIZE       =   ----    ----
   BIT SIZE         =   ----    ----
END OF MODULE INFORMATION.


C51 COMPILATION COMPLETE.  0 WARNING(S),  0 ERROR(S)
