C51 COMPILER V9.60.0.0   MAIN                                                              04/28/2022 09:45:39 PAGE 1   


C51 COMPILER V9.60.0.0, COMPILATION OF MODULE MAIN
OBJECT MODULE PLACED IN .\Objects\main.obj
COMPILER INVOKED BY: C:\Keil_v5\C51\BIN\C51.EXE main.c OPTIMIZE(8,SPEED) BROWSE DEBUG OBJECTEXTEND PRINT(.\Listings\main
                    -.lst) TABS(2) OBJECT(.\Objects\main.obj)

line level    source

   1          /**************************************************************** 
   2           * 实验板：  创客海51单片机实验板源代码，适用于STC89C52系列单片机
   3           * 温馨提示：代码精心调试，开源免费，希望得到您的支持，技术问题请到创客海论坛交流，
   4           * 淘宝店铺：创客海社区一号店，感谢您的光临！
   5           * 程序目的：学习主函数的创建方法
   6           * 函数功能: 点亮一个指示灯
   7          *******************************************************************************/
   8          #include <STC89C5xRC.H>   //解释头文件
   9          
  10          sbit led1=P1^0;           //第一个led是和P1^0口连接的
  11          /*******************************************************************************
  12          * 主函数     : main
  13          * 函数功能   : 点亮一个指示灯
  14          *******************************************************************************/
  15          void main()
  16          {
  17   1        while(1)    //主循环,这里不要加分号，因为while语句后面带{}，语句还没结束
  18   1        {
  19   2          P10=0;    //led0指示灯点亮        
  20   2                    //P1=0XFE;   寄存器方法点亮LED灯
  21   2                    //P1=0XFF    寄存器方法熄灭LED灯
  22   2                    //P1^0;      可以这样写，点亮LED灯
  23   2                    //P1_1;      因头文件的区别，不能这样写          
  24   2        }
  25   1        
  26   1        while(1);   //主程序停在这，死循环
  27   1      }


MODULE INFORMATION:   STATIC OVERLAYABLE
   CODE SIZE        =      4    ----
   CONSTANT SIZE    =   ----    ----
   XDATA SIZE       =   ----    ----
   PDATA SIZE       =   ----    ----
   DATA SIZE        =   ----    ----
   IDATA SIZE       =   ----    ----
   BIT SIZE         =   ----    ----
END OF MODULE INFORMATION.


C51 COMPILATION COMPLETE.  0 WARNING(S),  0 ERROR(S)
